{
  "audit_id": "REALPAIR005_FULLSTRIP_TILE_080860_090966_V1",
  "ohrc_product_id": "ch2_ohr_nrp_20241117T2033118394_d_img_d18",
  "tmc_product_id": "ch2_tmc_ndn_20231101T0125121377_d_oth_d18",
  "dtm_product_id": "ch2_tmc_ndn_20231101T0125121377_d_dtm_d18",
  "output_grid": "TMC polar stereographic 5 m/px",
  "bbox_m": [
    79600.0,
    144515.0,
    82615.0,
    147650.0
  ],
  "shape_px": [
    603,
    627
  ],
  "supported_camera_grid_points": 3233,
  "valid_output_fraction": 0.6239879814113907,
  "source_roi_native_ohrc_sample_line": [
    1,
    80860,
    12000,
    90966
  ],
  "camera_assumptions": "IK focal length/pixel pitch, SPICE frame/SPK/CK, XML timing; ASP-aligned TMC DTM sampled with local horizontal affine and vertical plane",
  "pointing_prior_true_xy_m": [
    -2462.77986511,
    -4187.92953467
  ],
  "pointing_prior_source": "pointing_residual_accounting.json; image-derived training regions, not independently accepted camera correction",
  "navigation_source": "tmc_navigation_affine.json",
  "decision": "ABSTAIN_GEOMETRY_NOT_INDEPENDENTLY_VERIFIED"
}
<LOCAL_PYTHON>/site-packages/osgeo/gdal.py:606: FutureWarning: Neither gdal.UseExceptions() nor gdal.DontUseExceptions() has been explicitly called. In GDAL 4.0, exceptions will be enabled by default.
  warnings.warn(
